

================================================================
== Vitis HLS Report for 'fir'
================================================================
* Date:           Wed Oct  7 22:39:55 2026

* Version:        2024.2 (Build 5238294 on Nov  8 2024)
* Project:        fir.comp
* Solution:       hls (Vivado IP Flow Target)
* Product family: zynq
* Target device:  xc7z020-clg400-1


================================================================
== Performance Estimates
================================================================
+ Timing: 
    * Summary: 
    +--------+----------+----------+------------+
    |  Clock |  Target  | Estimated| Uncertainty|
    +--------+----------+----------+------------+
    |ap_clk  |  10.00 ns|  6.923 ns|     2.70 ns|
    +--------+----------+----------+------------+

+ Latency: 
    * Summary: 
    +---------+---------+----------+----------+-----+-----+---------+
    |  Latency (cycles) |  Latency (absolute) |  Interval | Pipeline|
    |   min   |   max   |    min   |    max   | min | max |   Type  |
    +---------+---------+----------+----------+-----+-----+---------+
    |      117|      117|  1.170 us|  1.170 us|  118|  118|      yes|
    +---------+---------+----------+----------+-----+-----+---------+

    + Detail: 
        * Instance: 
        N/A

        * Loop: 
        N/A



================================================================
== Utilization Estimates
================================================================
* Summary: 
+-----------------+---------+-----+--------+-------+-----+
|       Name      | BRAM_18K| DSP |   FF   |  LUT  | URAM|
+-----------------+---------+-----+--------+-------+-----+
|DSP              |        -|    -|       -|      -|    -|
|Expression       |        -|    -|       0|   4261|    -|
|FIFO             |        -|    -|       -|      -|    -|
|Instance         |        -|    -|       -|      -|    -|
|Memory           |        2|    -|       0|      0|    0|
|Multiplexer      |        -|    -|       0|   2206|    -|
|Register         |        -|    -|    5795|      -|    -|
+-----------------+---------+-----+--------+-------+-----+
|Total            |        2|    0|    5795|   6467|    0|
+-----------------+---------+-----+--------+-------+-----+
|Available        |      280|  220|  106400|  53200|    0|
+-----------------+---------+-----+--------+-------+-----+
|Utilization (%)  |       ~0|    0|       5|     12|    0|
+-----------------+---------+-----+--------+-------+-----+

+ Detail: 
    * Instance: 
    N/A

    * DSP: 
    N/A

    * Memory: 
    +-------------+-------------------------+---------+---+----+-----+------+-----+------+-------------+
    |    Memory   |          Module         | BRAM_18K| FF| LUT| URAM| Words| Bits| Banks| W*Bits*Banks|
    +-------------+-------------------------+---------+---+----+-----+------+-----+------+-------------+
    |shift_reg_U  |shift_reg_RAM_AUTO_1R1W  |        2|  0|   0|    0|   128|   32|     1|         4096|
    +-------------+-------------------------+---------+---+----+-----+------+-----+------+-------------+
    |Total        |                         |        2|  0|   0|    0|   128|   32|     1|         4096|
    +-------------+-------------------------+---------+---+----+-----+------+-----+------+-------------+

    * FIFO: 
    N/A

    * Expression: 
    +-----------------------+----------+----+---+----+------------+------------+
    |     Variable Name     | Operation| DSP| FF| LUT| Bitwidth P0| Bitwidth P1|
    +-----------------------+----------+----+---+----+------------+------------+
    |add_ln41_1_fu_1315_p2  |         +|   0|  0|  32|          32|          32|
    |add_ln41_fu_1357_p2    |         +|   0|  0|  32|          32|          32|
    |tmp103_fu_830_p2       |         +|   0|  0|  32|          32|          32|
    |tmp10_fu_668_p2        |         +|   0|  0|  32|          32|          32|
    |tmp119_fu_907_p2       |         +|   0|  0|  32|          32|          32|
    |tmp11_fu_664_p2        |         +|   0|  0|  32|          32|          32|
    |tmp12_fu_742_p2        |         +|   0|  0|  32|          32|          32|
    |tmp13_fu_738_p2        |         +|   0|  0|  32|          32|          32|
    |tmp144_fu_1248_p2      |         +|   0|  0|  32|          32|          32|
    |tmp145_fu_1294_p2      |         +|   0|  0|  32|          32|          32|
    |tmp14_fu_678_p2        |         +|   0|  0|  32|          32|          32|
    |tmp158_fu_925_p2       |         +|   0|  0|  39|          32|          32|
    |tmp15_fu_674_p2        |         +|   0|  0|  32|          32|          32|
    |tmp166_fu_977_p2       |         +|   0|  0|  32|          32|          32|
    |tmp16_fu_687_p2        |         +|   0|  0|  32|          32|          32|
    |tmp174_fu_1070_p2      |         +|   0|  0|  32|          32|          32|
    |tmp17_fu_683_p2        |         +|   0|  0|  32|          32|          32|
    |tmp180_fu_1145_p2      |         +|   0|  0|  32|          32|          32|
    |tmp18_fu_702_p2        |         +|   0|  0|  32|          32|          32|
    |tmp191_fu_1221_p2      |         +|   0|  0|  32|          32|          32|
    |tmp195_fu_1300_p2      |         +|   0|  0|  32|          32|          32|
    |tmp198_fu_1325_p2      |         +|   0|  0|  32|          32|          32|
    |tmp19_fu_696_p2        |         +|   0|  0|  32|          32|          32|
    |tmp1_fu_747_p2         |         +|   0|  0|  32|          32|          32|
    |tmp209_fu_1075_p2      |         +|   0|  0|  29|          29|          29|
    |tmp20_fu_692_p2        |         +|   0|  0|  39|          32|          32|
    |tmp213_fu_1231_p2      |         +|   0|  0|  29|          29|          29|
    |tmp2161_fu_1335_p2     |         +|   0|  0|  29|          29|          29|
    |tmp21_fu_648_p2        |         +|   0|  0|  32|          32|          32|
    |tmp22_fu_644_p2        |         +|   0|  0|  32|          32|          32|
    |tmp23_fu_824_p2        |         +|   0|  0|  32|          32|          32|
    |tmp24_fu_813_p2        |         +|   0|  0|  39|          32|          32|
    |tmp25_fu_819_p2        |         +|   0|  0|  39|          32|          32|
    |tmp26_fu_808_p2        |         +|   0|  0|  32|          32|          32|
    |tmp27_fu_803_p2        |         +|   0|  0|  32|          32|          32|
    |tmp28_fu_797_p2        |         +|   0|  0|  32|          32|          32|
    |tmp29_fu_793_p2        |         +|   0|  0|  32|          32|          32|
    |tmp2_fu_718_p2         |         +|   0|  0|  32|          32|          32|
    |tmp30_fu_892_p2        |         +|   0|  0|  32|          32|          32|
    |tmp31_fu_882_p2        |         +|   0|  0|  32|          32|          32|
    |tmp32_fu_887_p2        |         +|   0|  0|  39|          32|          32|
    |tmp33_fu_902_p2        |         +|   0|  0|  32|          32|          32|
    |tmp34_fu_898_p2        |         +|   0|  0|  32|          32|          32|
    |tmp35_fu_876_p2        |         +|   0|  0|  32|          32|          32|
    |tmp36_fu_872_p2        |         +|   0|  0|  32|          32|          32|
    |tmp37_fu_972_p2        |         +|   0|  0|  32|          32|          32|
    |tmp38_fu_967_p2        |         +|   0|  0|  32|          32|          32|
    |tmp39_fu_963_p2        |         +|   0|  0|  32|          32|          32|
    |tmp3_fu_712_p2         |         +|   0|  0|  32|          32|          32|
    |tmp40_fu_1065_p2       |         +|   0|  0|  32|          32|          32|
    |tmp41_fu_1050_p2       |         +|   0|  0|  32|          32|          32|
    |tmp42_fu_1046_p2       |         +|   0|  0|  32|          32|          32|
    |tmp43_fu_1140_p2       |         +|   0|  0|  32|          32|          32|
    |tmp44_fu_1206_p2       |         +|   0|  0|  32|          32|          32|
    |tmp45_fu_1279_p2       |         +|   0|  0|  32|          32|          32|
    |tmp46_fu_986_p2        |         +|   0|  0|  29|          29|          29|
    |tmp47_fu_1164_p2       |         +|   0|  0|  29|          29|          29|
    |tmp4_fu_707_p2         |         +|   0|  0|  39|          32|          32|
    |tmp5_fu_658_p2         |         +|   0|  0|  32|          32|          32|
    |tmp6_fu_654_p2         |         +|   0|  0|  32|          32|          32|
    |tmp7_fu_733_p2         |         +|   0|  0|  32|          32|          32|
    |tmp8_fu_728_p2         |         +|   0|  0|  32|          32|          32|
    |tmp9_fu_723_p2         |         +|   0|  0|  39|          32|          32|
    |tmp_fu_751_p2          |         +|   0|  0|  32|          32|          32|
    |y                      |         +|   0|  0|  32|          32|          32|
    |p_sub_fu_1264_p2       |         -|   0|  0|  32|          32|          32|
    |tmp104_fu_835_p2       |         -|   0|  0|  32|          32|          32|
    |tmp105_fu_840_p2       |         -|   0|  0|  32|          32|          32|
    |tmp106_fu_845_p2       |         -|   0|  0|  32|          32|          32|
    |tmp107_fu_849_p2       |         -|   0|  0|  32|          32|          32|
    |tmp108_fu_854_p2       |         -|   0|  0|  32|          32|          32|
    |tmp109_fu_858_p2       |         -|   0|  0|  32|          32|          32|
    |tmp110_fu_863_p2       |         -|   0|  0|  32|          32|          32|
    |tmp111_fu_867_p2       |         -|   0|  0|  32|          32|          32|
    |tmp120_fu_911_p2       |         -|   0|  0|  32|          32|          32|
    |tmp121_fu_991_p2       |         -|   0|  0|  32|          32|          32|
    |tmp122_fu_995_p2       |         -|   0|  0|  32|          32|          32|
    |tmp123_fu_1014_p2      |         -|   0|  0|  32|          32|          32|
    |tmp124_fu_1018_p2      |         -|   0|  0|  32|          32|          32|
    |tmp125_fu_1036_p2      |         -|   0|  0|  32|          32|          32|
    |tmp126_fu_1041_p2      |         -|   0|  0|  32|          32|          32|
    |tmp127_fu_1055_p2      |         -|   0|  0|  32|          32|          32|
    |tmp128_fu_1060_p2      |         -|   0|  0|  32|          32|          32|
    |tmp129_fu_1084_p2      |         -|   0|  0|  32|          32|          32|
    |tmp130_fu_1088_p2      |         -|   0|  0|  32|          32|          32|
    |tmp131_fu_1107_p2      |         -|   0|  0|  32|          32|          32|
    |tmp132_fu_1111_p2      |         -|   0|  0|  32|          32|          32|
    |tmp133_fu_1130_p2      |         -|   0|  0|  32|          32|          32|
    |tmp134_fu_1135_p2      |         -|   0|  0|  32|          32|          32|
    |tmp135_fu_1151_p2      |         -|   0|  0|  32|          32|          32|
    |tmp136_fu_1155_p2      |         -|   0|  0|  32|          32|          32|
    |tmp137_fu_1173_p2      |         -|   0|  0|  32|          32|          32|
    |tmp138_fu_1178_p2      |         -|   0|  0|  32|          32|          32|
    |tmp139_fu_1187_p2      |         -|   0|  0|  32|          32|          32|
    |tmp140_fu_1191_p2      |         -|   0|  0|  32|          32|          32|
    |tmp141_fu_1211_p2      |         -|   0|  0|  32|          32|          32|
    |tmp142_fu_1216_p2      |         -|   0|  0|  32|          32|          32|
    |tmp143_fu_1244_p2      |         -|   0|  0|  32|          32|          32|
    |tmp159_fu_930_p2       |         -|   0|  0|  32|          32|          32|
    |tmp160_fu_936_p2       |         -|   0|  0|  32|          32|          32|
    |tmp161_fu_950_p2       |         -|   0|  0|  32|          32|          32|
    |tmp162_fu_954_p2       |         -|   0|  0|  32|          32|          32|
    |tmp167_fu_1000_p2      |         -|   0|  0|  32|          32|          32|
    |tmp168_fu_1005_p2      |         -|   0|  0|  32|          32|          32|
    |tmp169_fu_1023_p2      |         -|   0|  0|  32|          32|          32|
    |tmp170_fu_1027_p2      |         -|   0|  0|  32|          32|          32|
    |tmp175_fu_1093_p2      |         -|   0|  0|  32|          32|          32|
    |tmp176_fu_1098_p2      |         -|   0|  0|  32|          32|          32|
    |tmp177_fu_1116_p2      |         -|   0|  0|  32|          32|          32|
    |tmp178_fu_1121_p2      |         -|   0|  0|  32|          32|          32|
    |tmp181_fu_1270_p2      |         -|   0|  0|  32|          32|          32|
    |tmp188_fu_1196_p2      |         -|   0|  0|  39|          32|          32|
    |tmp189_fu_1201_p2      |         -|   0|  0|  32|          32|          32|
    |tmp192_fu_1226_p2      |         -|   0|  0|  32|          32|          32|
    |tmp193_fu_1275_p2      |         -|   0|  0|  32|          32|          32|
    |tmp196_fu_1305_p2      |         -|   0|  0|  32|          32|          32|
    |tmp197_fu_1320_p2      |         -|   0|  0|  32|          32|          32|
    |tmp199_fu_1345_p2      |         -|   0|  0|  39|          32|          32|
    |tmp206_fu_941_p2       |         -|   0|  0|  36|          29|          29|
    |tmp207_fu_982_p2       |         -|   0|  0|  29|          29|          29|
    |tmp210_fu_1079_p2      |         -|   0|  0|  29|          29|          29|
    |tmp211_fu_1160_p2      |         -|   0|  0|  29|          29|          29|
    |tmp214_fu_1235_p2      |         -|   0|  0|  29|          29|          29|
    |tmp215_fu_1331_p2      |         -|   0|  0|  29|          29|          29|
    |tmp88_fu_756_p2        |         -|   0|  0|  32|          32|          32|
    |tmp89_fu_761_p2        |         -|   0|  0|  32|          32|          32|
    |tmp90_fu_766_p2        |         -|   0|  0|  32|          32|          32|
    |tmp91_fu_770_p2        |         -|   0|  0|  32|          32|          32|
    |tmp92_fu_775_p2        |         -|   0|  0|  32|          32|          32|
    |tmp93_fu_779_p2        |         -|   0|  0|  32|          32|          32|
    |tmp94_fu_784_p2        |         -|   0|  0|  32|          32|          32|
    |tmp95_fu_788_p2        |         -|   0|  0|  32|          32|          32|
    +-----------------------+----------+----+---+----+------------+------------+
    |Total                  |          |   0|  0|4261|        4191|        4191|
    +-----------------------+----------+----+---+----+------------+------------+

    * Multiplexer: 
    +--------------------------+-----+-----------+-----+-----------+
    |           Name           | LUT | Input Size| Bits| Total Bits|
    +--------------------------+-----+-----------+-----+-----------+
    |ap_NS_fsm                 |  609|        119|    1|        119|
    |reg_525                   |    9|          2|   32|         64|
    |reg_531                   |    9|          2|   32|         64|
    |reg_537                   |    9|          2|   32|         64|
    |reg_544                   |    9|          2|   32|         64|
    |reg_551                   |    9|          2|   32|         64|
    |reg_557                   |    9|          2|   32|         64|
    |reg_585                   |    9|          2|   32|         64|
    |reg_608                   |    9|          2|   32|         64|
    |reg_620                   |    9|          2|   32|         64|
    |reg_627                   |    9|          2|   32|         64|
    |reg_633                   |    9|          2|   32|         64|
    |shift_reg_address0_local  |  494|         99|    7|        693|
    |shift_reg_address1_local  |  494|         99|    7|        693|
    |shift_reg_d0_local        |  261|         61|   32|       1952|
    |shift_reg_d1_local        |  249|         58|   32|       1856|
    +--------------------------+-----+-----------+-----+-----------+
    |Total                     | 2206|        458|  431|       6017|
    +--------------------------+-----+-----------+-----+-----------+

    * Register: 
    +-----------------------------+-----+----+-----+-----------+
    |             Name            |  FF | LUT| Bits| Const Bits|
    +-----------------------------+-----+----+-----+-----------+
    |add_ln41_1_reg_2224          |   32|   0|   32|          0|
    |ap_CS_fsm                    |  118|   0|  118|          0|
    |empty_8_reg_2219             |   29|   0|   29|          0|
    |reg_519                      |   32|   0|   32|          0|
    |reg_525                      |   32|   0|   32|          0|
    |reg_531                      |   32|   0|   32|          0|
    |reg_537                      |   32|   0|   32|          0|
    |reg_544                      |   32|   0|   32|          0|
    |reg_551                      |   32|   0|   32|          0|
    |reg_557                      |   32|   0|   32|          0|
    |reg_563                      |   32|   0|   32|          0|
    |reg_569                      |   32|   0|   32|          0|
    |reg_574                      |   32|   0|   32|          0|
    |reg_579                      |   32|   0|   32|          0|
    |reg_585                      |   32|   0|   32|          0|
    |reg_592                      |   32|   0|   32|          0|
    |reg_597                      |   32|   0|   32|          0|
    |reg_602                      |   32|   0|   32|          0|
    |reg_608                      |   32|   0|   32|          0|
    |reg_615                      |   32|   0|   32|          0|
    |reg_620                      |   32|   0|   32|          0|
    |reg_627                      |   32|   0|   32|          0|
    |reg_633                      |   32|   0|   32|          0|
    |reg_639                      |   32|   0|   32|          0|
    |shift_reg_load_101_reg_1772  |   32|   0|   32|          0|
    |shift_reg_load_103_reg_1784  |   32|   0|   32|          0|
    |shift_reg_load_104_reg_1796  |   32|   0|   32|          0|
    |shift_reg_load_105_reg_1802  |   32|   0|   32|          0|
    |shift_reg_load_106_reg_1820  |   32|   0|   32|          0|
    |shift_reg_load_107_reg_1826  |   32|   0|   32|          0|
    |shift_reg_load_109_reg_1844  |   32|   0|   32|          0|
    |shift_reg_load_10_reg_1392   |   32|   0|   32|          0|
    |shift_reg_load_110_reg_1871  |   32|   0|   32|          0|
    |shift_reg_load_111_reg_1877  |   32|   0|   32|          0|
    |shift_reg_load_113_reg_1967  |   32|   0|   32|          0|
    |shift_reg_load_114_reg_2029  |   32|   0|   32|          0|
    |shift_reg_load_115_reg_2035  |   32|   0|   32|          0|
    |shift_reg_load_117_reg_2121  |   32|   0|   32|          0|
    |shift_reg_load_118_reg_2172  |   32|   0|   32|          0|
    |shift_reg_load_11_reg_1398   |   32|   0|   32|          0|
    |shift_reg_load_120_reg_2056  |   32|   0|   32|          0|
    |shift_reg_load_12_reg_1404   |   32|   0|   32|          0|
    |shift_reg_load_13_reg_1410   |   32|   0|   32|          0|
    |shift_reg_load_14_reg_1416   |   32|   0|   32|          0|
    |shift_reg_load_15_reg_1422   |   32|   0|   32|          0|
    |shift_reg_load_16_reg_1428   |   32|   0|   32|          0|
    |shift_reg_load_17_reg_1434   |   32|   0|   32|          0|
    |shift_reg_load_19_reg_1440   |   32|   0|   32|          0|
    |shift_reg_load_20_reg_1451   |   32|   0|   32|          0|
    |shift_reg_load_22_reg_1374   |   32|   0|   32|          0|
    |shift_reg_load_24_reg_1712   |   32|   0|   32|          0|
    |shift_reg_load_25_reg_1883   |   32|   0|   32|          0|
    |shift_reg_load_26_reg_1893   |   32|   0|   32|          0|
    |shift_reg_load_28_reg_1899   |   32|   0|   32|          0|
    |shift_reg_load_2_reg_1457    |   32|   0|   32|          0|
    |shift_reg_load_30_reg_1718   |   32|   0|   32|          0|
    |shift_reg_load_32_reg_1500   |   32|   0|   32|          0|
    |shift_reg_load_33_reg_1506   |   32|   0|   32|          0|
    |shift_reg_load_34_reg_1527   |   32|   0|   32|          0|
    |shift_reg_load_35_reg_1533   |   32|   0|   32|          0|
    |shift_reg_load_36_reg_1544   |   32|   0|   32|          0|
    |shift_reg_load_37_reg_1550   |   32|   0|   32|          0|
    |shift_reg_load_38_reg_1561   |   32|   0|   32|          0|
    |shift_reg_load_39_reg_1736   |   32|   0|   32|          0|
    |shift_reg_load_40_reg_1742   |   32|   0|   32|          0|
    |shift_reg_load_41_reg_1914   |   32|   0|   32|          0|
    |shift_reg_load_42_reg_1924   |   32|   0|   32|          0|
    |shift_reg_load_44_reg_1983   |   32|   0|   32|          0|
    |shift_reg_load_46_reg_1778   |   32|   0|   32|          0|
    |shift_reg_load_49_reg_1594   |   32|   0|   32|          0|
    |shift_reg_load_4_reg_1380    |   32|   0|   32|          0|
    |shift_reg_load_52_reg_1583   |   32|   0|   32|          0|
    |shift_reg_load_54_reg_1572   |   32|   0|   32|          0|
    |shift_reg_load_55_reg_1760   |   32|   0|   32|          0|
    |shift_reg_load_56_reg_1766   |   32|   0|   32|          0|
    |shift_reg_load_58_reg_1940   |   32|   0|   32|          0|
    |shift_reg_load_59_reg_2003   |   32|   0|   32|          0|
    |shift_reg_load_5_reg_1386    |   32|   0|   32|          0|
    |shift_reg_load_60_reg_2009   |   32|   0|   32|          0|
    |shift_reg_load_62_reg_1790   |   32|   0|   32|          0|
    |shift_reg_load_64_reg_1610   |   32|   0|   32|          0|
    |shift_reg_load_65_reg_1616   |   32|   0|   32|          0|
    |shift_reg_load_66_reg_1622   |   32|   0|   32|          0|
    |shift_reg_load_67_reg_1628   |   32|   0|   32|          0|
    |shift_reg_load_68_reg_1639   |   32|   0|   32|          0|
    |shift_reg_load_69_reg_1645   |   32|   0|   32|          0|
    |shift_reg_load_6_reg_1463    |   32|   0|   32|          0|
    |shift_reg_load_70_reg_1656   |   32|   0|   32|          0|
    |shift_reg_load_71_reg_1808   |   32|   0|   32|          0|
    |shift_reg_load_72_reg_1814   |   32|   0|   32|          0|
    |shift_reg_load_73_reg_2072   |   32|   0|   32|          0|
    |shift_reg_load_74_reg_2082   |   32|   0|   32|          0|
    |shift_reg_load_76_reg_2137   |   32|   0|   32|          0|
    |shift_reg_load_78_reg_1860   |   32|   0|   32|          0|
    |shift_reg_load_7_reg_1469    |   32|   0|   32|          0|
    |shift_reg_load_80_reg_1678   |   32|   0|   32|          0|
    |shift_reg_load_81_reg_1684   |   32|   0|   32|          0|
    |shift_reg_load_83_reg_1695   |   32|   0|   32|          0|
    |shift_reg_load_84_reg_1706   |   32|   0|   32|          0|
    |shift_reg_load_86_reg_1667   |   32|   0|   32|          0|
    |shift_reg_load_87_reg_1832   |   32|   0|   32|          0|
    |shift_reg_load_88_reg_1838   |   32|   0|   32|          0|
    |shift_reg_load_90_reg_2103   |   32|   0|   32|          0|
    |shift_reg_load_92_reg_2152   |   32|   0|   32|          0|
    |shift_reg_load_94_reg_1951   |   32|   0|   32|          0|
    |shift_reg_load_96_reg_1724   |   32|   0|   32|          0|
    |shift_reg_load_97_reg_1730   |   32|   0|   32|          0|
    |shift_reg_load_98_reg_1748   |   32|   0|   32|          0|
    |shift_reg_load_99_reg_1754   |   32|   0|   32|          0|
    |tmp103_reg_1634              |   32|   0|   32|          0|
    |tmp105_reg_1651              |   32|   0|   32|          0|
    |tmp107_reg_1662              |   32|   0|   32|          0|
    |tmp109_reg_1673              |   32|   0|   32|          0|
    |tmp10_reg_1480               |   32|   0|   32|          0|
    |tmp111_reg_1690              |   32|   0|   32|          0|
    |tmp120_reg_1866              |   32|   0|   32|          0|
    |tmp122_reg_1973              |   32|   0|   32|          0|
    |tmp124_reg_1993              |   32|   0|   32|          0|
    |tmp126_reg_2019              |   32|   0|   32|          0|
    |tmp128_reg_2041              |   32|   0|   32|          0|
    |tmp12_reg_1522               |   32|   0|   32|          0|
    |tmp130_reg_2062              |   32|   0|   32|          0|
    |tmp132_reg_2088              |   32|   0|   32|          0|
    |tmp134_reg_2109              |   32|   0|   32|          0|
    |tmp136_reg_2127              |   32|   0|   32|          0|
    |tmp138_reg_2147              |   32|   0|   32|          0|
    |tmp140_reg_2162              |   32|   0|   32|          0|
    |tmp142_reg_2178              |   32|   0|   32|          0|
    |tmp144_reg_2198              |   32|   0|   32|          0|
    |tmp14_reg_1485               |   32|   0|   32|          0|
    |tmp160_reg_1904              |   32|   0|   32|          0|
    |tmp162_reg_1930              |   32|   0|   32|          0|
    |tmp166_reg_1957              |   32|   0|   32|          0|
    |tmp168_reg_1978              |   32|   0|   32|          0|
    |tmp16_reg_1490               |   32|   0|   32|          0|
    |tmp170_reg_1998              |   32|   0|   32|          0|
    |tmp174_reg_2046              |   32|   0|   32|          0|
    |tmp176_reg_2067              |   32|   0|   32|          0|
    |tmp178_reg_2093              |   32|   0|   32|          0|
    |tmp180_reg_2114              |   32|   0|   32|          0|
    |tmp181_reg_2204              |   32|   0|   32|          0|
    |tmp18_reg_1495               |   32|   0|   32|          0|
    |tmp192_reg_2183              |   32|   0|   32|          0|
    |tmp196_reg_2214              |   32|   0|   32|          0|
    |tmp198_reg_2229              |   32|   0|   32|          0|
    |tmp206_reg_1909              |   29|   0|   29|          0|
    |tmp210_reg_2051              |   29|   0|   29|          0|
    |tmp214_reg_2188              |   29|   0|   29|          0|
    |tmp2161_reg_2235             |   29|   0|   29|          0|
    |tmp21_reg_1446               |   32|   0|   32|          0|
    |tmp26_reg_1605               |   32|   0|   32|          0|
    |tmp28_reg_1600               |   32|   0|   32|          0|
    |tmp2_reg_1512                |   32|   0|   32|          0|
    |tmp30_reg_1850               |   32|   0|   32|          0|
    |tmp33_reg_1855               |   32|   0|   32|          0|
    |tmp35_reg_1701               |   32|   0|   32|          0|
    |tmp38_reg_1946               |   32|   0|   32|          0|
    |tmp41_reg_2024               |   32|   0|   32|          0|
    |tmp44_reg_2167               |   32|   0|   32|          0|
    |tmp45_reg_2209               |   32|   0|   32|          0|
    |tmp46_reg_1962               |   29|   0|   29|          0|
    |tmp47_reg_2132               |   29|   0|   29|          0|
    |tmp5_reg_1475                |   32|   0|   32|          0|
    |tmp7_reg_1517                |   32|   0|   32|          0|
    |tmp89_reg_1556               |   32|   0|   32|          0|
    |tmp91_reg_1567               |   32|   0|   32|          0|
    |tmp93_reg_1578               |   32|   0|   32|          0|
    |tmp95_reg_1589               |   32|   0|   32|          0|
    |tmp_reg_1539                 |   32|   0|   32|          0|
    |trunc_ln37_10_reg_2193       |   29|   0|   29|          0|
    |trunc_ln37_2_reg_1919        |   29|   0|   29|          0|
    |trunc_ln37_3_reg_1988        |   29|   0|   29|          0|
    |trunc_ln37_4_reg_1935        |   29|   0|   29|          0|
    |trunc_ln37_5_reg_2014        |   29|   0|   29|          0|
    |trunc_ln37_6_reg_2077        |   29|   0|   29|          0|
    |trunc_ln37_7_reg_2142        |   29|   0|   29|          0|
    |trunc_ln37_8_reg_2098        |   29|   0|   29|          0|
    |trunc_ln37_9_reg_2157        |   29|   0|   29|          0|
    |trunc_ln37_reg_1888          |   29|   0|   29|          0|
    |x_read_reg_1369              |   32|   0|   32|          0|
    +-----------------------------+-----+----+-----+-----------+
    |Total                        | 5795|   0| 5795|          0|
    +-----------------------------+-----+----+-----+-----------+



================================================================
== Interface
================================================================
* Summary: 
+----------+-----+-----+------------+--------------+--------------+
| RTL Ports| Dir | Bits|  Protocol  | Source Object|    C Type    |
+----------+-----+-----+------------+--------------+--------------+
|ap_clk    |   in|    1|  ap_ctrl_hs|           fir|  return value|
|ap_rst    |   in|    1|  ap_ctrl_hs|           fir|  return value|
|ap_start  |   in|    1|  ap_ctrl_hs|           fir|  return value|
|ap_done   |  out|    1|  ap_ctrl_hs|           fir|  return value|
|ap_idle   |  out|    1|  ap_ctrl_hs|           fir|  return value|
|ap_ready  |  out|    1|  ap_ctrl_hs|           fir|  return value|
|y         |  out|   32|      ap_vld|             y|       pointer|
|y_ap_vld  |  out|    1|      ap_vld|             y|       pointer|
|x         |   in|   32|     ap_none|             x|        scalar|
+----------+-----+-----+------------+--------------+--------------+

